docker : time="2026-02-22T10:12:54+05:30" 
level=warning 
msg="H:\\boringwebsite\\docker-compose.yml: the 
attribute `version` is obsolete, it will be 
ignored, please remove it to avoid potential 
confusion"
At line:1 char:1
+ docker compose run --rm test ash -c "npm install 
&& npx jest --verbos ...
+ ~~~~~~~~~~~~~~~~~~~~~~~~~~~~~~~~~~~~~~~~~~~~~~~~~~
~~~~~~~~~~~~~~~~~~~
    + CategoryInfo          : NotSpecified: (time=" 
   2026-02-2...tial confusion":String) [], RemoteE  
  xception
    + FullyQualifiedErrorId : NativeCommandError
 
time="2026-02-22T10:12:54+05:30" level=warning 
msg="No services to build"
time="2026-02-22T10:12:55+05:30" level=warning 
msg="No services to build"
 Container boringwebsite-test-run-df044b64947d 
Creating 
 Container boringwebsite-test-run-df044b64947d 
Created 
npm warn EBADENGINE Unsupported engine {
npm warn EBADENGINE   package: 'undici@7.22.0',
npm warn EBADENGINE   required: { node: '>=20.18.1' 
},
npm warn EBADENGINE   current: { node: 'v18.20.8', 
npm: '10.8.2' }
npm warn EBADENGINE }

up to date, audited 377 packages in 1s

59 packages are looking for funding
  run `npm fund` for details

19 high severity vulnerabilities

To address issues that do not require attention, run:
  npm audit fix

To address all issues (including breaking changes), run:
  npm audit fix --force

Run `npm audit` for details.
PASS tests/post-social.test.js
  Post Social Script
    Quote Data Reading
      Γ£ô can read current-quote.json (6 ms)
      Γ£ô quote has text suitable for social media 
(1 ms)
      Γ£ô quote has valid author for social media
    Tweet Formatting
      Γ£ô tweet format includes quote text (1 ms)
      Γ£ô tweet includes hashtags (3 ms)
      Γ£ô tweet includes site URL (1 ms)
      Γ£ô tweet with longest quote stays under 500 
chars (1 ms)
    Environment Variable Handling
      Γ£ô SITE_URL defaults to dailylift.site when 
not set
      Γ£ô TWITTER_BEARER_TOKEN defaults to empty 
string
      Γ£ô IFTTT_WEBHOOK_KEY defaults to empty string
    IFTTT Webhook Payload
      Γ£ô webhook payload has correct structure (1 
ms)
      Γ£ô webhook payload JSON is valid (1 ms)

PASS tests/fetch-quote.test.js
  Fetch Quote Script
    Data File Validation
      Γ£ô current-quote.json exists (4 ms)
      Γ£ô current-quote.json has valid structure (4 
ms)
      Γ£ô current-quote.json date is valid ISO 
format (2 ms)
      Γ£ô current-quote.json text is non-empty (2 
ms)
      Γ£ô current-quote.json author is non-empty (1 
ms)
    Collection File Validation
      Γ£ô quotes-collection.json exists (1 ms)
      Γ£ô quotes-collection.json is an array
      Γ£ô collection has at least 10 quotes (1 ms)
      Γ£ô each collection entry has text and author 
(50 ms)
      Γ£ô no duplicate quotes in collection
      Γ£ô all quotes have non-empty text (2 ms)
      Γ£ô all quotes have non-empty author (4 ms)
    Duplicate Detection Logic
      Γ£ô identical texts are detected as 
duplicates (1 ms)
      Γ£ô case-insensitive duplicate detection
      Γ£ô unique quotes are not detected as 
duplicates (1 ms)
      Γ£ô whitespace-trimmed duplicate detection

FAIL tests/lint.test.js
  Lint Checks
    HTML Files
      Γ£ô index.html has DOCTYPE (6 ms)
      Γ£ô tools.html has DOCTYPE (1 ms)
      Γ£ô blog.html has DOCTYPE (1 ms)
      Γ£ô about.html has DOCTYPE (2 ms)
      Γ£ô index.html has charset meta (1 ms)
      Γ£ô tools.html has charset meta (1 ms)
      Γ£ô blog.html has charset meta
      Γ£ô about.html has charset meta (1 ms)
      Γ£ô index.html has viewport meta
      Γ£ô tools.html has viewport meta (1 ms)
      Γ£ô blog.html has viewport meta
      Γ£ô about.html has viewport meta (1 ms)
      Γ£ô index.html has non-empty title (1 ms)
      Γ£ô tools.html has non-empty title
      Γ£ô blog.html has non-empty title (1 ms)
      Γ£ô about.html has non-empty title (1 ms)
      Γ£ô index.html has lang attribute
      Γ£ô tools.html has lang attribute (1 ms)
      Γ£ô blog.html has lang attribute
      Γ£ô about.html has lang attribute (1 ms)
    JavaScript Files
      Γ£ô no JS file uses eval() (2 ms)
      Γ£ô no JS file uses document.write() (4 ms)
      Γ£ô all JS files are non-empty (5 ms)
    JSON Files
      Γ£ô current-quote.json is valid JSON (1 ms)
      Γ£ô quotes-collection.json is valid JSON
    YAML Files
      Γ£ò YAML files exist (1 ms)
      Γ£ô no YAML file contains tabs
      Γ£ô all YAML files are non-empty
    CSS Files
      Γ£ô style.css has balanced curly braces (1 ms)
      Γ£ô style.css is non-empty (10 ms)
      Γ£ô style.css imports Google Fonts
      Γ£ô style.css defines CSS custom properties 
(1 ms)
      Γ£ô style.css has responsive breakpoints
    File Structure
      Γ£ò required directories exist (2 ms)
      Γ£ò required root files exist
      Γ£ô blog has at least 10 markdown articles
      Γ£ò workflows directory has required YAML 
files (1 ms)

  ΓùÅ Lint Checks ΓÇ║ YAML Files ΓÇ║ YAML files 
exist

    expect(received).toBeGreaterThan(expected)

    Expected: > 0
    Received:   0

      109 |
      110 |         test('YAML files exist', () => {
    > 111 |             
expect(yamlFiles.length).toBeGreaterThan(0);
          |                                      ^
      112 |         });
      113 |
      114 |         test('no YAML file contains 
tabs', () => {

      at Object.toBeGreaterThan 
(tests/lint.test.js:111:38)

  ΓùÅ Lint Checks ΓÇ║ File Structure ΓÇ║ required 
directories exist

    expect(received).toBe(expected) // Object.is 
equality

    Expected: true
    Received: false

      164 |             
expect(fs.existsSync(path.join(ROOT, 
'data'))).toBe(true);
      165 |             
expect(fs.existsSync(path.join(ROOT, 'content', 
'blog'))).toBe(true);
    > 166 |             
expect(fs.existsSync(path.join(ROOT, '.github', 
'workflows'))).toBe(true);
          |                                         
                                   ^
      167 |         });
      168 |
      169 |         test('required root files 
exist', () => {

      at Object.toBe (tests/lint.test.js:166:76)

  ΓùÅ Lint Checks ΓÇ║ File Structure ΓÇ║ required 
root files exist

    expect(received).toBe(expected) // Object.is 
equality

    Expected: true
    Received: false

      169 |         test('required root files 
exist', () => {
      170 |             
expect(fs.existsSync(path.join(ROOT, 
'package.json'))).toBe(true);
    > 171 |             
expect(fs.existsSync(path.join(ROOT, 
'README.md'))).toBe(true);
          |                                         
                        ^
      172 |             
expect(fs.existsSync(path.join(ROOT, 
'netlify.toml'))).toBe(true);
      173 |             
expect(fs.existsSync(path.join(ROOT, 
'.gitignore'))).toBe(true);
      174 |             
expect(fs.existsSync(path.join(ROOT, 
'Dockerfile'))).toBe(true);

      at Object.toBe (tests/lint.test.js:171:65)

  ΓùÅ Lint Checks ΓÇ║ File Structure ΓÇ║ workflows 
directory has required YAML files

    ENOENT: no such file or directory, scandir 
'/app/.github/workflows'

      182 |
      183 |         test('workflows directory has 
required YAML files', () => {
    > 184 |             const yamlFiles = 
fs.readdirSync(path.join(ROOT, '.github', 
'workflows'));
          |                                  ^
      185 |             
expect(yamlFiles).toContain('deploy.yml');
      186 |             
expect(yamlFiles).toContain('update-content.yml');
      187 |             
expect(yamlFiles).toContain('weekly-blog.yml');

      at Object.readdirSync 
(tests/lint.test.js:184:34)

  console.log
    ≡ƒö¿ Building DailyLift...

      at log (scripts/build.js:179:11)

  console.log
    ≡ƒº╣ Cleaned dist/

      at log (scripts/build.js:183:11)

  console.log
    ≡ƒôü Copied src/ ΓåÆ dist/

      at log (scripts/build.js:187:11)

  console.log
    ≡ƒôè Copied data/ ΓåÆ dist/data/

      at log (scripts/build.js:191:11)

  console.log
    ≡ƒö¿ Building DailyLift...

      at log (scripts/build.js:179:11)

  console.log
    ≡ƒô¥ Processing blog posts...

      at log (scripts/build.js:43:11)

  console.log
    ≡ƒº╣ Cleaned dist/

      at log (scripts/build.js:183:11)

  console.log
    ≡ƒôü Copied src/ ΓåÆ dist/

      at log (scripts/build.js:187:11)

  console.log
    ≡ƒôè Copied data/ ΓåÆ dist/data/

      at log (scripts/build.js:191:11)

  console.log
    ≡ƒô¥ Processing blog posts...

      at log (scripts/build.js:43:11)

  console.log
      Γ£à build-healthy-daily-routine.html

      at log (scripts/build.js:168:13)

  console.log
      Γ£à digital-minimalism-reclaim-attention.html

      at log (scripts/build.js:168:13)

  console.log
      Γ£à free-tools-every-student.html

      at log (scripts/build.js:168:13)

  console.log
      Γ£à guide-splitting-bills-fairly.html

      at log (scripts/build.js:168:13)

  console.log
      Γ£à metric-imperial-conversion-guide.html

      at log (scripts/build.js:168:13)

  console.log
      Γ£à morning-habits-productivity.html

      at log (scripts/build.js:168:13)

  console.log
      Γ£à build-healthy-daily-routine.html

      at log (scripts/build.js:168:13)

  console.log
      Γ£à digital-minimalism-reclaim-attention.html

      at log (scripts/build.js:168:13)

  console.log
      Γ£à free-tools-every-student.html

      at log (scripts/build.js:168:13)

  console.log
      Γ£à guide-splitting-bills-fairly.html

      at log (scripts/build.js:168:13)

  console.log
      Γ£à metric-imperial-conversion-guide.html

      at log (scripts/build.js:168:13)

  console.log
      Γ£à morning-habits-productivity.html

      at log (scripts/build.js:168:13)

  console.log
      Γ£à personal-finance-money-rules.html

      at log (scripts/build.js:168:13)

  console.log
      Γ£à personal-finance-money-rules.html

      at log (scripts/build.js:168:13)

  console.log
      Γ£à powerful-quotes-start-week.html

      at log (scripts/build.js:168:13)

  console.log
      Γ£à science-of-motivation-quotes.html

      at log (scripts/build.js:168:13)

  console.log
      Γ£à understanding-bmi-health.html

      at log (scripts/build.js:168:13)

  console.log
    ≡ƒôæ Generated blog-index.json (10 posts)

      at log (scripts/build.js:200:11)

  console.log
    ≡ƒñû Generated robots.txt

      at log (scripts/build.js:208:11)

FAIL tests/html-validation.test.js
  ΓùÅ Test suite failed to run

    ReferenceError: File is not defined

       7 | const fs = require('fs');
       8 | const path = require('path');
    >  9 | const cheerio = require('cheerio');
         |                 ^
      10 |
      11 | const SRC = path.join(__dirname, '..', 
'src');
      12 | const PAGES = ['index.html', 
'tools.html', 'blog.html', 'about.html'];

      at Object.<anonymous> 
(node_modules/undici/lib/web/webidl/index.js:534:48)
      at Object.<anonymous> 
(node_modules/undici/lib/web/fetch/util.js:12:20)
      at Object.<anonymous> 
(node_modules/undici/lib/web/fetch/headers.js:11:5)
      at Object.<anonymous> 
(node_modules/undici/lib/web/fetch/response.js:3:90)
      at Object.<anonymous> 
(node_modules/undici/lib/web/fetch/index.js:12:5)
      at Object.<anonymous> 
(node_modules/undici/index.js:122:19)
      at Object.<anonymous> 
(node_modules/cheerio/src/index.ts:24:1)
      at Object.require 
(tests/html-validation.test.js:9:17)

  console.log
      Γ£à powerful-quotes-start-week.html

      at log (scripts/build.js:168:13)

  console.log
      Γ£à science-of-motivation-quotes.html

      at log (scripts/build.js:168:13)

  console.log
      Γ£à understanding-bmi-health.html

      at log (scripts/build.js:168:13)

  console.log
    ≡ƒôæ Generated blog-index.json (10 posts)

      at log (scripts/build.js:200:11)

  console.log
    ≡ƒù║∩╕Å Generating sitemap.xml...

      at log (scripts/generate-sitemap.js:28:13)

  console.log
    ≡ƒñû Generated robots.txt

      at log (scripts/build.js:208:11)

  console.log
    ≡ƒù║∩╕Å Generating sitemap.xml...

      at log (scripts/generate-sitemap.js:28:13)

  console.log
    Γ£à Generated sitemap.xml with 14 URLs

      at log (scripts/generate-sitemap.js:58:13)

  console.log
    Γ£à Generated sitemap.xml with 14 URLs

      at log (scripts/generate-sitemap.js:58:13)

  console.log
    
    Γ£à Build complete! Output: dist/

      at log (scripts/build.js:213:11)

  console.log
    
    Γ£à Build complete! Output: dist/

      at log (scripts/build.js:213:11)

  console.log
    ≡ƒö¿ Building DailyLift...

      at log (scripts/build.js:179:11)

  console.log
    ≡ƒº╣ Cleaned dist/

      at log (scripts/build.js:183:11)

  console.log
    ≡ƒôü Copied src/ ΓåÆ dist/

      at log (scripts/build.js:187:11)

  console.log
    ≡ƒôè Copied data/ ΓåÆ dist/data/

      at log (scripts/build.js:191:11)

  console.log
    ≡ƒô¥ Processing blog posts...

      at log (scripts/build.js:43:11)

  console.log
      Γ£à build-healthy-daily-routine.html

      at log (scripts/build.js:168:13)

  console.log
      Γ£à digital-minimalism-reclaim-attention.html

      at log (scripts/build.js:168:13)

  console.log
      Γ£à free-tools-every-student.html

      at log (scripts/build.js:168:13)

  console.log
      Γ£à guide-splitting-bills-fairly.html

      at log (scripts/build.js:168:13)

FAIL tests/generate-sitemap.test.js
  Generate Sitemap
    Γ£ô sitemap.xml exists in dist/ (6 ms)
    Γ£ô sitemap starts with XML declaration (1 ms)
    Γ£ô sitemap uses correct namespace
    Γ£ô sitemap has urlset root element (1 ms)
    Γ£ô each URL entry has loc, lastmod, 
changefreq, and priority (7 ms)
    Γ£ò homepage has priority 1.0 (1 ms)
    Γ£ò tools page has priority 0.9 (1 ms)
    Γ£ò blog posts have priority 0.6
    Γ£ò lastmod dates are valid ISO date format
    Γ£ò all URLs use HTTPS
    Γ£ò sitemap includes all core pages
    Γ£ò changefreq values are valid (1 ms)

  ΓùÅ Generate Sitemap ΓÇ║ homepage has priority 1.0

    ENOENT: no such file or directory, open 
'/app/dist/sitemap.xml'

      54 |
      55 |     test('homepage has priority 1.0', () 
=> {
    > 56 |         const content = 
fs.readFileSync(path.join(DIST, 'sitemap.xml'), 
'utf-8');
         |                            ^
      57 |         // Find the index.html URL entry
      58 |         const indexPattern = /<url>\s*<lo
c>[^<]*dailylift\.site\/<\/loc>[\s\S]*?<priority>1\.
0<\/priority>/;
      59 |         
expect(content).toMatch(indexPattern);

      at Object.readFileSync 
(tests/generate-sitemap.test.js:56:28)

  ΓùÅ Generate Sitemap ΓÇ║ tools page has priority 
0.9

    ENOENT: no such file or directory, open 
'/app/dist/sitemap.xml'

      61 |
      62 |     test('tools page has priority 0.9', 
() => {
    > 63 |         const content = 
fs.readFileSync(path.join(DIST, 'sitemap.xml'), 
'utf-8');
         |                            ^
      64 |         
expect(content).toContain('tools.html');
      65 |         const toolsSection = 
content.substring(
      66 |             
content.indexOf('tools.html'),

      at Object.readFileSync 
(tests/generate-sitemap.test.js:63:28)

  ΓùÅ Generate Sitemap ΓÇ║ blog posts have priority 
0.6

    ENOENT: no such file or directory, open 
'/app/dist/sitemap.xml'

      71 |
      72 |     test('blog posts have priority 0.6', 
() => {
    > 73 |         const content = 
fs.readFileSync(path.join(DIST, 'sitemap.xml'), 
'utf-8');
         |                            ^
      74 |         const blogUrlPattern = 
/blog\/.*?\.html/;
      75 |         
expect(content).toMatch(blogUrlPattern);
      76 |     });

      at Object.readFileSync 
(tests/generate-sitemap.test.js:73:28)

  ΓùÅ Generate Sitemap ΓÇ║ lastmod dates are valid 
ISO date format

    ENOENT: no such file or directory, open 
'/app/dist/sitemap.xml'

      77 |
      78 |     test('lastmod dates are valid ISO 
date format', () => {
    > 79 |         const content = 
fs.readFileSync(path.join(DIST, 'sitemap.xml'), 
'utf-8');
         |                            ^
      80 |         const dates = 
content.match(/<lastmod>(.*?)<\/lastmod>/g);
      81 |         expect(dates).not.toBeNull();
      82 |         dates.forEach(dateTag => {

      at Object.readFileSync 
(tests/generate-sitemap.test.js:79:28)

  ΓùÅ Generate Sitemap ΓÇ║ all URLs use HTTPS

    ENOENT: no such file or directory, open 
'/app/dist/sitemap.xml'

      87 |
      88 |     test('all URLs use HTTPS', () => {
    > 89 |         const content = 
fs.readFileSync(path.join(DIST, 'sitemap.xml'), 
'utf-8');
         |                            ^
      90 |         const locs = 
content.match(/<loc>(.*?)<\/loc>/g);
      91 |         expect(locs).not.toBeNull();
      92 |         locs.forEach(loc => {

      at Object.readFileSync 
(tests/generate-sitemap.test.js:89:28)

  ΓùÅ Generate Sitemap ΓÇ║ sitemap includes all 
core pages

    ENOENT: no such file or directory, open 
'/app/dist/sitemap.xml'

       97 |
       98 |     test('sitemap includes all core 
pages', () => {
    >  99 |         const content = 
fs.readFileSync(path.join(DIST, 'sitemap.xml'), 
'utf-8');
          |                            ^
      100 |         const requiredPages = 
['tools.html', 'blog.html', 'about.html'];
      101 |         requiredPages.forEach(page => {
      102 |             
expect(content).toContain(page);

      at Object.readFileSync 
(tests/generate-sitemap.test.js:99:28)

  ΓùÅ Generate Sitemap ΓÇ║ changefreq values are 
valid

    ENOENT: no such file or directory, open 
'/app/dist/sitemap.xml'

      105 |
      106 |     test('changefreq values are valid', 
() => {
    > 107 |         const content = 
fs.readFileSync(path.join(DIST, 'sitemap.xml'), 
'utf-8');
          |                            ^
      108 |         const freqs = 
content.match(/<changefreq>(.*?)<\/changefreq>/g);
      109 |         const validFreqs = ['always', 
'hourly', 'daily', 'weekly', 'monthly', 'yearly', 
'never'];
      110 |         freqs.forEach(freq => {

      at Object.readFileSync 
(tests/generate-sitemap.test.js:107:28)

  console.log
      Γ£à metric-imperial-conversion-guide.html

      at log (scripts/build.js:168:13)

  console.log
      Γ£à morning-habits-productivity.html

      at log (scripts/build.js:168:13)

  console.log
      Γ£à personal-finance-money-rules.html

      at log (scripts/build.js:168:13)

  console.log
      Γ£à powerful-quotes-start-week.html

      at log (scripts/build.js:168:13)

  console.log
      Γ£à science-of-motivation-quotes.html

      at log (scripts/build.js:168:13)

  console.log
      Γ£à understanding-bmi-health.html

      at log (scripts/build.js:168:13)

  console.log
    ≡ƒôæ Generated blog-index.json (10 posts)

      at log (scripts/build.js:200:11)

  console.log
    ≡ƒñû Generated robots.txt

      at log (scripts/build.js:208:11)

  console.log
    ≡ƒù║∩╕Å Generating sitemap.xml...

      at log (scripts/generate-sitemap.js:28:13)

  console.log
    Γ£à Generated sitemap.xml with 14 URLs

      at log (scripts/generate-sitemap.js:58:13)

  console.log
    
    Γ£à Build complete! Output: dist/

      at log (scripts/build.js:213:11)

  console.log
    ≡ƒö¿ Building DailyLift...

      at log (scripts/build.js:179:11)

  console.log
    ≡ƒº╣ Cleaned dist/

      at log (scripts/build.js:183:11)

  console.log
    ≡ƒôü Copied src/ ΓåÆ dist/

      at log (scripts/build.js:187:11)

  console.log
    ≡ƒôè Copied data/ ΓåÆ dist/data/

      at log (scripts/build.js:191:11)

  console.log
    ≡ƒô¥ Processing blog posts...

      at log (scripts/build.js:43:11)

  console.log
    Γä╣∩╕Å No blog content directory found, skipping

      at log (scripts/build.js:46:13)

  console.log
    ≡ƒôæ Generated blog-index.json (0 posts)

      at log (scripts/build.js:200:11)

  console.log
    ≡ƒñû Generated robots.txt

      at log (scripts/build.js:208:11)

  console.log
    ≡ƒù║∩╕Å Generating sitemap.xml...

      at log (scripts/generate-sitemap.js:28:13)

  console.log
    Γ£à Generated sitemap.xml with 4 URLs

      at log (scripts/generate-sitemap.js:58:13)

  console.log
    
    Γ£à Build complete! Output: dist/

      at log (scripts/build.js:213:11)

  console.log
    ≡ƒö¿ Building DailyLift...

      at log (scripts/build.js:179:11)

  console.log
    ≡ƒº╣ Cleaned dist/

      at log (scripts/build.js:183:11)

  console.log
    ≡ƒôü Copied src/ ΓåÆ dist/

      at log (scripts/build.js:187:11)

  console.log
    ≡ƒôè Copied data/ ΓåÆ dist/data/

      at log (scripts/build.js:191:11)

  console.log
    ≡ƒô¥ Processing blog posts...

      at log (scripts/build.js:43:11)

  console.log
      Γ£à build-healthy-daily-routine.html

      at log (scripts/build.js:168:13)

  console.log
      Γ£à digital-minimalism-reclaim-attention.html

      at log (scripts/build.js:168:13)

  console.log
      Γ£à free-tools-every-student.html

      at log (scripts/build.js:168:13)

  console.log
      Γ£à guide-splitting-bills-fairly.html

      at log (scripts/build.js:168:13)

  console.log
      Γ£à metric-imperial-conversion-guide.html

      at log (scripts/build.js:168:13)

  console.log
      Γ£à morning-habits-productivity.html

      at log (scripts/build.js:168:13)

  console.log
      Γ£à personal-finance-money-rules.html

      at log (scripts/build.js:168:13)

  console.log
      Γ£à powerful-quotes-start-week.html

      at log (scripts/build.js:168:13)

  console.log
      Γ£à science-of-motivation-quotes.html

      at log (scripts/build.js:168:13)

  console.log
      Γ£à temp-missing-frontmatter.html

      at log (scripts/build.js:168:13)

  console.log
      Γ£à understanding-bmi-health.html

      at log (scripts/build.js:168:13)

  console.log
    ≡ƒôæ Generated blog-index.json (11 posts)

      at log (scripts/build.js:200:11)

  console.log
    ≡ƒñû Generated robots.txt

      at log (scripts/build.js:208:11)

  console.log
    ≡ƒù║∩╕Å Generating sitemap.xml...

      at log (scripts/generate-sitemap.js:28:13)

  console.log
    Γ£à Generated sitemap.xml with 15 URLs

      at log (scripts/generate-sitemap.js:58:13)

  console.log
    
    Γ£à Build complete! Output: dist/

      at log (scripts/build.js:213:11)

  console.log
    ≡ƒö¿ Building DailyLift...

      at log (scripts/build.js:179:11)

  console.log
    ≡ƒº╣ Cleaned dist/

      at log (scripts/build.js:183:11)

  console.log
    ≡ƒôü Copied src/ ΓåÆ dist/

      at log (scripts/build.js:187:11)

  console.log
    ≡ƒôè Copied data/ ΓåÆ dist/data/

      at log (scripts/build.js:191:11)

  console.log
    ≡ƒô¥ Processing blog posts...

      at log (scripts/build.js:43:11)

  console.log
      Γ£à build-healthy-daily-routine.html

      at log (scripts/build.js:168:13)

  console.log
      Γ£à digital-minimalism-reclaim-attention.html

      at log (scripts/build.js:168:13)

  console.log
      Γ£à free-tools-every-student.html

      at log (scripts/build.js:168:13)

  console.log
      Γ£à guide-splitting-bills-fairly.html

      at log (scripts/build.js:168:13)

  console.log
      Γ£à metric-imperial-conversion-guide.html

      at log (scripts/build.js:168:13)

  console.log
      Γ£à morning-habits-productivity.html

      at log (scripts/build.js:168:13)

  console.log
      Γ£à personal-finance-money-rules.html

      at log (scripts/build.js:168:13)

  console.log
      Γ£à powerful-quotes-start-week.html

      at log (scripts/build.js:168:13)

  console.log
      Γ£à science-of-motivation-quotes.html

      at log (scripts/build.js:168:13)

  console.log
      Γ£à understanding-bmi-health.html

      at log (scripts/build.js:168:13)

  console.log
    ≡ƒôæ Generated blog-index.json (10 posts)

      at log (scripts/build.js:200:11)

  console.log
    ≡ƒñû Generated robots.txt

      at log (scripts/build.js:208:11)

  console.log
    ≡ƒù║∩╕Å Generating sitemap.xml...

      at log (scripts/generate-sitemap.js:28:13)

  console.log
    Γ£à Generated sitemap.xml with 14 URLs

      at log (scripts/generate-sitemap.js:58:13)

  console.log
    
    Γ£à Build complete! Output: dist/

      at log (scripts/build.js:213:11)

PASS tests/build.test.js
  Build Script
    Directory Structure
      Γ£ô creates dist/ directory (5 ms)
      Γ£ô creates dist/css/ directory
      Γ£ô creates dist/js/ directory (1 ms)
      Γ£ô creates dist/tools/ directory
      Γ£ô creates dist/data/ directory
      Γ£ô creates dist/blog/ directory (1 ms)
    Source File Copying
      Γ£ô copies index.html to dist/
      Γ£ô copies style.css to dist/css/
    Data Files
      Γ£ô copies current-quote.json to dist/data/
    Blog Processing
      Γ£ô generates blog-index.json in dist/data/ 
(1 ms)
      Γ£ô blog-index.json is valid JSON array (1 ms)
    SEO Files
      Γ£ô generates robots.txt in dist/ (1 ms)
      Γ£ô generates sitemap.xml in dist/
    Branch Coverage Edge Cases
      Γ£ô handles cleanDir when directory does not 
exist (158 ms)
      Γ£ô handles missing blog content directory 
gracefully (38 ms)
      Γ£ô handles blog posts with missing 
frontmatter fields (142 ms)
      Γ£ô handles copyRecursive with missing source 
directory (9 ms)

PASS tests/bill-splitter.test.js
  Bill Splitter Tool
    Basic Calculations
      Γ£ô splits Γé╣1000 between 2 people with 0% 
tip (49 ms)
      Γ£ô splits Γé╣1000 between 4 people with 10% 
tip (8 ms)
      Γ£ô splits Γé╣2500 between 3 people with 15% 
tip (8 ms)
      Γ£ô handles single person (5 ms)
      Γ£ô handles large group of 10 people (3 ms)
    Tip Calculations
      Γ£ô 0% tip gives no additional amount (6 ms)
      Γ£ô 100% tip doubles the bill (7 ms)
      Γ£ô 5% tip on Γé╣200 (4 ms)
    Result Display
      Γ£ô result box gets visible class after 
calculation (4 ms)
      Γ£ô results format with 2 decimal places (7 
ms)
    Edge Cases
      Γ£ô handles decimal bill amount (4 ms)
      Γ£ô handles no tip input (defaults to 0) (3 
ms)
      Γ£ô handles missing inputs with alerts (3 ms)
      Γ£ô handles invalid people count (2 ms)
      Γ£ô initializes without form gracefully (3 ms)

PASS tests/bmi-calculator.test.js
  BMI Calculator Tool
    BMI Formula
      Γ£ô 70kg, 175cm ΓåÆ BMI Γëê 22.9 (47 ms)
      Γ£ô 50kg, 160cm ΓåÆ BMI Γëê 19.5 (5 ms)
      Γ£ô 100kg, 180cm ΓåÆ BMI Γëê 30.9 (4 ms)
      Γ£ô 45kg, 170cm ΓåÆ BMI Γëê 15.6 (6 ms)
    BMI Categories
      Γ£ô BMI < 16 ΓåÆ Severely Underweight (6 ms)
      Γ£ô 16 <= BMI < 18.5 ΓåÆ Underweight (8 ms)
      Γ£ô 18.5 <= BMI < 25 ΓåÆ Normal (8 ms)
      Γ£ô 25 <= BMI < 30 ΓåÆ Overweight (3 ms)
      Γ£ô 30 <= BMI < 35 ΓåÆ Obese Class I (5 ms)
      Γ£ô 35 <= BMI < 40 ΓåÆ Obese Class II (3 ms)
      Γ£ô BMI >= 40 ΓåÆ Obese Class III (4 ms)
    Gauge Display
      Γ£ô gauge becomes visible after calculation 
(3 ms)
      Γ£ô gauge marker position is within 0-100% 
range (3 ms)
      Γ£ô higher BMI positions marker further right 
(3 ms)
      Γ£ô gauge caps at 100% for extreme BMI (4 ms)
    Result Display
      Γ£ô result box gets visible class (4 ms)
      Γ£ô BMI value shows 1 decimal place (5 ms)
    Edge Cases
      Γ£ô handles missing weight with alert (3 ms)
      Γ£ô handles missing height with alert (3 ms)
      Γ£ô handles invalid height <= 0 with alert (4 
ms)
      Γ£ô initializes without form gracefully (3 ms)

PASS tests/unit-converter.test.js
  Unit Converter Tool
    Length Conversions
      Γ£ô 1 kilometer = 1000 meters (69 ms)
      Γ£ô 1 mile Γëê 1.609 kilometers (21 ms)
      Γ£ô 1 foot = 12 inches (16 ms)
      Γ£ô 100 centimeters = 1 meter (7 ms)
    Weight Conversions
      Γ£ô 1 kilogram Γëê 2.205 pounds (15 ms)
      Γ£ô 1000 grams = 1 kilogram (9 ms)
    Temperature Conversions
      Γ£ô 0┬░C = 32┬░F (6 ms)
      Γ£ô 100┬░C = 212┬░F (4 ms)
      Γ£ô 32┬░F = 0┬░C (5 ms)
      Γ£ô 0┬░C = 273.15K (4 ms)
      Γ£ô 273.15K = 0┬░C (5 ms)
      Γ£ô 0K = -459.67┬░F (5 ms)
      Γ£ô -40┬░F = -40┬░C (4 ms)
    Volume Conversions
      Γ£ô 1 liter Γëê 0.264 US gallons (6 ms)
    Speed Conversions
      Γ£ô 1 m/s = 3.6 km/h (4 ms)
    Swap Functionality
      Γ£ô swap button exchanges from and to units 
(3 ms)
    Edge Cases
      Γ£ô handles missing value with alert (4 ms)
      Γ£ô initializes without form gracefully (4 ms)

Test Suites: 3 failed, 6 passed, 9 total
Tests:       11 failed, 137 passed, 148 total
Snapshots:   0 total
Time:        1.931 s
Ran all test suites.

